[backblue.gif]
[fade.gif]
[index.html]
[sites/default/files/IPC2015 favicon/index.ico]
[sites/all/themes/perma_boot_multi/less/variables/index.less]
[sites/all/modules/jquery_update/replace/jquery/1.10/jquery.min/index.js]
[misc/jquery-extend-3.4.0/index.js]
[misc/jquery-html-prefilter-3.5.0-backport/index.js]
[misc/jquery.once/index.js]
[misc/drupal/index.js]
[sites/all/modules/google_analytics/googleanalytics/index.js]
[sites/default/files/IPC2015principal/index.jpg]
[sites/default/files/Permaculture Perspectives v2/index.pdf]
[sites/default/files/styles/large/public/LOGO_IYS_en_Print/index.jpg]
[sites/all/themes/bootstrap/js/bootstrap/index.js]
[index/index.html]
[misc/throbber-inactive/index.png]
[misc/throbber-active/index.gif]
[misc/grippie/index.png]
[misc/draggable/index.png]
[misc/tree/index.png]
[misc/tree-bottom/index.png]
[modules/system/system.base/index.css]
[sites/all/modules/calendar/css/calendar_multiday/index.css]
[sites/all/modules/date/date_repeat_field/date_repeat_field/index.css]
[modules/field/theme/field/index.css]
[modules/node/node/index.css]
[sites/all/modules/views/css/views/index.css]
[sites/all/modules/ckeditor/css/ckeditor/index.css]
[sites/all/modules/ctools/images/status-active/index.gif]
[sites/all/modules/ctools/css/ctools/index.css]
[sites/all/themes/perma_boot/images/grad-out/index.png]
[sites/all/themes/perma_boot_multi/css/style/index.css]
[sites/all/themes/perma_boot_multi/css/colors/index.css]
[sites/all/themes/perma_boot_multi/css/ds_2col/index.css]
[media/index.html]
[article/learning/index.html]
[about/index.html]
[about/permaculture/index.html]
[sites/default/files/IPC Host application form/index.doc]
[aboutIPCs/index.html]
[about/convergences/index.html]
[de/index.html]
[fr/index.html]
[es/index.html]
[cn/index.html]
[conference/index.html]
[sites/default/files/YouTube-social-squircle_red_48px/index.png]
[sites/default/files/Conference Timetable/index.pdf]
[sites/default/files/Conference Sessions Timetable 0409/index.pdf]
[conference/programme/index.html]
[misc/tableheader/index.js]
[modules/file/icons/application-pdf/index.png]
[sites/default/files/media_upload/A Baseline Survey of Temperate Forest Gardens/index.pdf]
[sites/default/files/media_upload/A Future City Model - Marcia Amidon/index.pdf]
[sites/default/files/media_upload/Ancient+Food+Future+Food+Slideshow/index.pdf]
[sites/default/files/media_upload/A Paradise Called Marizá - Marsha Hanzi/index.pdf]
[sites/default/files/media_upload/A Permaculture Approach to Soil - Chris Warburton Brown/index.pdf]
[sites/default/files/media_upload/Bringing the Forest Garden Indoors - Jerome Osentowski _ small/index.pdf]
[sites/default/files/media_upload/Brookman - Measuring permaculture/index.pdf]
[sites/default/files/media_upload/Building Community Resilience Through Collaborative Action - Trathen Heckman/index.pdf]
[sites/default/files/media_upload/Can Arable Be Permacultural/index.pdf]
[sites/default/files/media_upload/Community Drought Solutions - Jeremiah Kidd/index.pdf]
[sites/default/files/media_upload/Community Farm Buy Outs - Large and O'Connell/index.pdf]
[sites/default/files/media_upload/Conrad - Permaculture in Malawi IPC Presentation 2015/index.pdf]
[sites/default/files/media_upload/Designing Successful Enterprises for People and Planet/index.pdf]
[sites/default/files/media_upload/Discover Sociocracy 3_0/index.pdf]
[sites/default/files/media_upload/EcoSystemDesign_0/index.pdf]
[sites/default/files/media_upload/Energy Revolution - Your Guide to Making it Happen - Howard Johns/index.pdf]
[sites/default/files/media_upload/George McAllister - Restoring Degraded Ecosystems - case study Zimbabwe/index.pdf]
[sites/default/files/media_upload/Holistic research of holistic practice/index.pdf]
[sites/default/files/media_upload/Grow It Yourself - Richard Webb/index.pdf]
[sites/default/files/media_upload/Harnessing the Potential for Permaculture for Sustainable  Development/index.pdf]
[sites/default/files/media_upload/IPC Presentation.Pandora Thomas/index.pdf]
[sites/default/files/media_upload/IPCUK-Presentation Earthships/index.pdf]
[sites/default/files/media_upload/John Nzira - Households as permaculture nodes/index.pdf]
[sites/default/files/media_upload/Learning by doing/index.pdf]
[sites/default/files/media_upload/Boehnlein+Kearsley+IPCUK+Legible+Landscapes.compressed/index.pdf]
[sites/default/files/media_upload/Lessons Learned From Peri Urban Farms - Annemarie Brookman/index.pdf]
[sites/default/files/media_upload/Oikos (Financial) Permaculture/index.pdf]
[sites/default/files/media_upload/Permaculture a design science for all  - IPCUK conference 2015 - 20 mins/index.pdf]
[sites/default/files/media_upload/Permaculture from Rainbow Valley Farm to the Village - Trish Allen/index.pdf]
[sites/default/files/media_upload/Permaculture in Indian Agriculture/index.pdf]
[sites/default/files/media_upload/Permaculture's Place in Higher Education/index.pdf]
[sites/default/files/media_upload/Permaculture Institute of Italy/index.pdf]
[sites/default/files/media_upload/Plants for a permaculture future - Chris Marsh PFAF/index.pdf]
[sites/default/files/media_upload/Permaculture Your School and Transform Your Town/index.pdf]
[sites/default/files/media_upload/Positive Money/index.pdf]
[sites/default/files/media_upload/Quakers as self designing community - Laurie Michaelis and Ed Tyler/index.pdf]
[sites/default/files/media_upload/Rebecca Laughton - Small Farm Productivity/index.pdf]
[sites/default/files/media_upload/Real life forest gardens - Tomas Remiarz/index.pdf]
[sites/default/files/media_upload/Regenerative Enterprise and the 8 Forms of Capital/index.pdf]
[sites/default/files/media_upload/Rosemary morrow/index.pdf]
[sites/default/files/media_upload/Savings Pools/index.pdf]
[sites/default/files/media_upload/Speak Street Language Cafe/index.pdf]
[sites/default/files/media_upload/Scaling up - Professionalizing the Permaculture Movement/index.pdf]
[sites/default/files/media_upload/Sustainable healthcare systems as part of permaculture/index.pdf]
[sites/default/files/media_upload/The Answer Lies in the Soil - Graham Bell/index.pdf]
[sites/default/files/media_upload/The Ecosystem of Community Action - Joshua Msika - IPCUK2015/index.pdf]
[sites/default/files/media_upload/The Garden of Complete Being/index.pdf]
[conference/presentation-documents/index.html]
[taxonomy/term/56/feed/index.html]
[conference/keynote-speakers/index.html]
[sites/default/files/programme_convergence_button/index.png]
[convergence/index.html]
[sites/default/files/Convergence timetable v5 A4/index.pdf]
[sites/default/files/See_timetable/index.jpg]
[sites/default/files/See_workshops_0/index.jpg]
[convergence/programme/index.html]
[sites/default/files/Edge Events Guide - final/index.pdf]
[edge/index.html]
[edge/events/index.html]
[sites/default/files/PM-Logo-2014/index.gif]
[sites/default/files/PRI Logo w certs-scaled/index.jpg]
[sites/default/files/CAWR & Coventry University logo_October 2014/index.jpg]
[sites/default/files/CQUniversity logo_cmyk/index.jpg]
[sites/default/files/Schumacher Logo black/index.jpg]
[sites/default/files/alara-logo/index.jpg]
[sites/default/files/PIP Logo5cm/index.jpg]
[sponsors/index.html]
[donate/index.html]
[sites/default/files/badge-50/index.html]
[node/378/index.html]
[sites/all/modules/widgets/widgets/index.css]
[blog/index.html]
[node/470/index.html]
[modules/file/icons/x-office-document/index.png]
[sites/default/files/media_upload/IPCUK15 Day One Tues 8th Sept/index.doc]
[sites/default/files/media_upload/IPCUK15 Day Two Wed 9th Sept/index.doc]
[conference/palantypist-text/index.html]
[node/17/index.html]
[about/workinggroups/index.html]
[about/host/index.html]
[visas/index.html]
[node/38/index.html]
[node/31/index.html]
[conference/sponsorship/index.html]
[IPC1/index.html]
[IPC2/index.html]
[IPC3/index.html]
[IPC4/index.html]
[IPC5/index.html]
[IPC6/index.html]
[IPC7/index.html]
[IPC8/index.html]
[IPC9/index.html]
[IPC10/index.html]
[IPC11/index.html]
[node/92/index.html]
[node/353/index.html]
[node/352/index.html]
[convergence/register/index.html]
[node/354/index.html]
[node/355/index.html]
[node/3/index.html]
[conference/children/index.html]
[node/6/index.html]
[taxonomy/term/15/feed/index.html]
[conference/programme/day-one/index.html]
[taxonomy/term/16/feed/index.html]
[conference/programme/day-two/index.html]
[sites/default/files/siobhan Salerno/index.jpg]
[presentation/Poetry-Song-Lines-of-the-Earth/index.html]
[sites/default/files/flower/index.png]
[conference/strands/index.html]
[node/471/index.html]
[sites/default/files/media_upload/Unlocking sustainable livelihoods_ keyhole gardens in Africa and beyond - Send a Cow/index.html]
[taxonomy/term/56/index.html]
[sites/default/files/DavidHolmgren1/index.jpg]
[presentation/Cooriginator-of-the-permaculture-concept/index.html]
[sites/default/files/kristin_vala_ragnarsdottir_1/index.jpg]
[presentation/How-Does-Permaculture-Stack-Up-in-the-Real-Economy_/index.html]
[sites/default/files/Pandora Thomas/index.jpg]
[presentation/New-Frontiers-for-the-Permaculture-Movement/index.html]
[sites/default/files/Tim Lenton/index.jpg]
[presentation/Revolutions-that-Made-the-Earth/index.html]
[sites/default/files/Rob Hopkins 2 - May 2013 - Photo Credit - Jim Wileman/index.jpg]
[presentation/The-10-Year-Transition-Experiment/index.html]
[sites/default/files/John Nzira/index.jpg]
[presentation/Households-as-Permaculture-Nodes/index.html]
[sites/default/files/Cathy-Debenham-YouGen-1/index.jpg]
[Renewables-From-the-Fringe-to-Near-Normal/index.html]
[sites/default/files/JP smile July 11 (green background)/index.jpg]
[presentation/Design-Principles-for-Real-Food-Security/index.html]
[sites/default/files/Geoff Lawton/index.jpg]
[presentation/The-Global-Potential-of-Permaculture/index.html]
[sites/default/files/Rosemary Morrow/index.jpg]
[presentation/ What-is-needed-for-permaculture-to-grow/index.html]
[node/4/index.html]
[node/11/index.html]
[sites/default/files/Convergence Workshop details/index.pdf]
[convergence/programme/workshops/index.html]
[convergence/children-and-young-people/index.html]
[sites/default/files/styles/large/public/tented%20village%20_0/index.jpg]
[sites/default/files/PublicTransporttoGilwell/index.pdf]
[convergence/location/index.html]
[node/5/index.html]
[sites/all/modules/panels/plugins/layouts/onecol/onecol/index.css]
[sites/all/modules/gmap/js/gmap/index.js]
[sites/all/modules/gmap/js/icon/index.js]
[sites/all/modules/gmap/js/marker/index.js]
[sites/all/modules/gmap/js/highlight/index.js]
[sites/all/modules/gmap/js/poly/index.js]
[sites/default/files/js/gmap_markers/index.js]
[sites/all/modules/gmap/js/markerloader_static/index.js]
[sites/all/modules/gmap/js/gmap_marker/index.js]
[edge/peoplesgarden/index.html]
[edge/TyNant/index.html]
[edge/ELL/index.html]
[edge/OrganicLea/index.html]
[edge/IncredibleFarm/index.html]
[edge/permaculture-design-course-ireland/index.html]
[edge/UrbanShift/index.html]
[edge/permaculture-design-course-cornwall/index.html]
[edge/permaculture-design-course-norwich/index.html]
[edge/HolisticFacilitation/index.html]
[edge/science/index.html]
[edge/permaculture-design-course-czech-republic/index.html]
[edge/Family-Fun-Permaculture-Adventure-II/index.html]
[edge/training-of-teachers/index.html]
[edge/regenerative-community/index.html]
[edge/permaculture-design-course-istanbul/index.html]
[edge/permaculture-design-course-totnes/index.html]
[edge/teacher-training-course-in-bulgaria/index.html]
[edge/resilience-planning/index.html]
[sites/default/files/CardGameJuly08CWDG/index.jpg]
[edge/dynamic-groups-dynamic-learning/index.html]
[sites/default/files/IMG_5609web/index.jpg]
[sites/default/files/IMG_2193compressed/index.jpg]
[edge/permaculture-design-course-cumbria/index.html]
[edge/Trumpington/index.html]
[edge/permaculture-design-course-scotland-and-manchester/index.html]
[edge/holzer-permaculture-tour-austria/index.html]
[edge/sustainable-garden-design-with-permaculture/index.html]
[sites/default/files/IMG_4020 scaled/index.jpg]
[sites/default/files/styles/large/public/StudentPlantIDClass/index.jpg]
[edge/EarthSpirit/index.html]
[edge/12th-world-festival-in-germany/index.html]
[edge/permaculture-design-practicum/index.html]
[edge/social-permaculture/index.html]
[edge/FelthamsFarm/index.html]
[edge/liberation/index.html]
[edge/Galloway/index.html]
[edge/ecology/index.html]
[edge/Empowering_Transformational_Collaboration/index.html]
[edge/A-Day-with-Brighton-Permaculture-Trust/index.html]
[sites/default/files/ipcuk_galaatalara_facebook/index.jpg]
[edge/AlaraGala/index.html]
[sites/default/files/INHABIT - Poster/index.jpg]
[edge/inhabit/index.html]
[edge/Sharing-ideas-with-fellow-urban-permaculturalists/index.html]
[edge/permaculture-transition-totnes/index.html]
[edge/sepnet/index.html]
[edge/Edibles/index.html]
[edge/FoxysPlace/index.html]
[edge/London/index.html]
[edge/Permaculture_ScotLAND_Tour/index.html]
[edge/crossing/index.html]
[edge/inkpot/index.html]
[edge/transition-network-international-conference/index.html]
[edge/LocalisingFood/index.html]
[edge/SmilingTreeFarm/index.html]
[edge/Tread_Well_On_Earth/index.html]
[node/32/index.html]
[node/30/index.html]
[sites/default/files/IPCUK Report V1/index.pdf]
[ipcuk-report/index.html]
[sites/default/files/e-book.compressed/index.pdf]
[sites/default/files/ipcuk-scholars/index.jpg]
[article/collection-of-stories-scholars/index.html]
[article/andy-goldring-after-dinner-speech/index.html]
[article/italian-documentary/index.html]
[article/gaia-u-reflections/index.html]
[article/conference-audio/index.html]
[article/permaculture-climate-change-statement/index.html]
[sites/default/files/Matt Ralston/index.jpg]
[sites/default/files/KK1/index.jpg]
[article/8-ways-of-up-cycling-a-washing-machine/index.html]
[article/sustainability-organisations-clear-commitment-UK-government-community-energy/index.html]
[blog/index1.html]
[blog/index2.html]
[blog/index3.html]
[sites/default/files/styles/large/public/15669007545_1f0815a5e0_o/index.jpg]
[blog/index4.html]
[node/472/index.html]
[node/21/index.html]
[node/34/index.html]
[node/41/index.html]
[ipc1/index-2.html]
[node/48/index.html]
[ipc2/index-2.html]
[node/49/index.html]
[ipc3/index-2.html]
[node/50/index.html]
[node/52/index.html]
[node/53/index.html]
[node/54/index.html]
[node/55/index.html]
[node/56/index.html]
[node/57/index.html]
[node/58/index.html]
[node/65/index.html]
[node/12/index.html]
[sites/default/files/gilwell with bridle path indicated/index.jpg]
[participants/convergence/index.html]
[node/84/index.html]
[taxonomy/term/15/index.html]
[taxonomy/term/12/feed/index.html]
[conference/amazing-communities/index.html]
[presentation/Community-Resilience-Collaborative-Action/index.html]
[presentation/grow-it-yourself/index.html]
[node/152/index.html]
[taxonomy/term/20/feed/index.html]
[conference/an-introduction-to-permaculture/index.html]
[sites/default/files/dave_boehnlein_headshot_cropped/index.jpg]
[presentation/Virtual-Tour-Bullock’s-Permaculture-Homestead/index.html]
[presentation/Permaculture-a-design-science-for-all/index.html]
[sites/default/files/Pietro palline fukuoka/index.jpg]
[presentation/Permaculture-Institute-of-Italy-design/index.html]
[taxonomy/term/13/feed/index.html]
[conference/creating-change/index.html]
[presentation/Rights-of-Nature/index.html]
[sites/default/files/Karen Inwood/index.jpg]
[presentation/Soil-Seeds-Social-Change-El-Salvador/index.html]
[presentation/Permaculture-in-Timor Leste-Influencing-Intergenerational-Change/index.html]
[taxonomy/term/22/feed/index.html]
[conference/criminal-justice/index.html]
[sites/default/files/Nicole Vosper/index.jpg]
[presentation/Permaculture-and-Prisons/index.html]
[presentation/Hydroponic-Growing-by-Ex-Offenders/index.html]
[taxonomy/term/47/feed/index.html]
[conference/day-one-workshops/index.html]
[sites/default/files/Kat Wall/index.jpg]
[presentation/Enabling-Change/index.html]
[presentation/Thinking-like-a-plant/index.html]
[presentation/Build-an-evidence-base-for-permaculture-British-Ecological-Society-Agricultural-Ecology-SIG/index.html]
[sites/default/files/Joshua Msika/index.jpg]
[presentation/The-Ecosystem-of-Community-Action/index.html]
[sites/default/files/Julia Kiessig/index.jpg]
[presentation/Permacultre-thinking-into-business-realities/index.html]
[presentation/In-your-backyard/index.html]
[taxonomy/term/17/feed/index.html]
[conference/farm-scale-permaculture/index.html]
[presentation/Permaculture-as-Grasssroots-Network-and-Farming-System/index.html]
[presentation/Establishing-Ridgedale-Permaculture-Sweden/index.html]
[presentation/Securing-Farm-Land-For-Biodynamic-Permaculture-Food/index.html]
[taxonomy/term/23/feed/index.html]
[conference/food-from-the-forest/index.html]
[presentation/Real-Life-Polycultures-How-plants-and-people-interact-in-the-forest-garden/index.html]
[sites/default/files/Chris Marsh small/index.jpg]
[presentation/Plants-For-A-Permaculture-Future/index.html]
[presentation/Ancient-food-future-food/index.html]
[taxonomy/term/18/feed/index.html]
[conference/forest-gardens/index.html]
[sites/default/files/Jerome Osentowski2/index.jpg]
[presentation/Bringing-the-Forest-Garden-Indoors/index.html]
[presentation/A-Baseline-Survey-of-Temperate-Forest-Gardens/index.html]
[presentation/Garden-of-Complete-Being/index.html]
[taxonomy/term/19/feed/index.html]
[conference/house-building/index.html]
[presentation/Learning-to-Build-with-Passion/index.html]
[presentation/Rethinking-Nature-a-Biomimetic-Perspective/index.html]
[sites/default/files/JTB3/index.jpg]
[presentation/Permaculture-to-Passive-House-Construction-to-Save-Our-Planet/index.html]
[sites/default/files/Ben Law/index.jpg]
[presentation/Our-re-emerging-woodland-culture/index.html]
[taxonomy/term/14/feed/index.html]
[conference/inspiring-enterprise/index.html]
[presentation/Lush-cosmetics/index.html]
[sites/default/files/Maddy ireland/index.jpg]
[presentation/Designing-Successful-Enterprises-For-People-Planet/index.html]
[presentation/Scaling-up-Professionalizing-the-Permaculture-Movement/index.html]
[taxonomy/term/52/feed/index.html]
[conference/permaculture-and-the-new-story/index.html]
[presentation/Permaculture-and-the-New-Story/index.html]
[taxonomy/term/26/feed/index.html]
[conference/smallholder-farming-in-Africa/index.html]
[presentation/Restoring-Degraded-Ecosystems-Mashonaland-Zimbabwe/index.html]
[presentation/Benefits-and-Limitations-of-Permaculture-in-Central-Malawi/index.html]
[presentation/Unlocking-sustainable-livelihoods-keyhole-gardens-in-Africa-and-beyond/index.html]
[taxonomy/term/27/feed/index.html]
[conference/smallholder-farming-in-Asia-and-Australasia/index.html]
[presentation/Lessons from-peri-urban-organic-permaculture-farm/index.html]
[presentation/From Rainbow Valley Farm to the Village/index.html]
[presentation/Permaculture-Timor-Leste-Theory-technique-skills-toolkit/index.html]
[presentation/Permaculture-Timor-Leste-Impact-Subsistence-Farming/index.html]
[taxonomy/term/28/feed/index.html]
[conference/smallholder-farming-in-Europe/index.html]
[presentation/A-Matter-of-Scale/index.html]
[presentation/Arctic-Permaculture-Case-study-Iceland/index.html]
[presentation/Permaculture-Portugal-Socio-technological-niches-grassroots/index.html]
[taxonomy/term/30/feed/index.html]
[conference/water/index.html]
[presentation/A-Paradise-called-Marizá/index.html]
[presentation/Closed-Loop-Aquaponics-Applied-Permaculture/index.html]
[sites/default/files/Jeremiah Kidd/index.jpg]
[presentation/Community-Drought-Solutions/index.html]
[presentation/Case-studies-of-real-world-functional-landscapes/index.html]
[taxonomy/term/16/index.html]
[taxonomy/term/31/feed/index.html]
[conference/children-and-schools/index.html]
[sites/default/files/Robin Clayfield/index.jpg]
[presentation/Designing-our-Global-Education-Systems-using-Permaculture-Principles/index.html]
[sites/default/files/Robina4/index.jpg]
[presentation/Permaculture-your-School-and-Transform-your-Town/index.html]
[sites/default/files/M Lusted October 2013/index.jpg]
[presentation/Permaculture-Children-Future-City-Model/index.html]
[taxonomy/term/32/feed/index.html]
[conference/climate-change/index.html]
[presentation/Permaculture-Inspiring-Climate-Change-Adaptation-Book/index.html]
[sites/default/files/2lasterranas147/index.jpg]
[presentation/Cool-Communities-Ecovillages-Change-Atmosphere/index.html]
[presentation/Climate-change-adaptation-tools-smallholder-coffee-farmers/index.html]
[taxonomy/term/33/feed/index.html]
[conference/community-building/index.html]
[sites/default/files/Edward Tyler/index.jpg]
[presentation/Quaker-meets-Permaculture/index.html]
[presentation/Empowering-Transformational-Cooperation-with-Sociocracy-3/index.html]
[presentation/Intricacy-of-Social-and-Organisational-Design/index.html]
[taxonomy/term/34/feed/index.html]
[conference/community-energy/index.html]
[presentation/Energy-Revolution-your-guide-to-making-it-happen/index.html]
[taxonomy/term/51/feed/index.html]
[conference/film-showings/index.html]
[presentation/Permaculture-in-Schools/index.html]
[presentation/Design-for-life-Permaculture-and-The-Food-Forest-Story/index.html]
[taxonomy/term/49/feed/index.html]
[conference/day-two-workshops/index.html]
[presentation/Building-alliances-for-community-led-action/index.html]
[presentation/Making-Permaculture-Legible-for-All/index.html]
[sites/default/files/Ethan Roland/index.jpg]
[presentation/Regenerative-Enterprise-and-the-8-Forms-of-Capital/index.html]
[presentation/Designing-Self-Sustaining-Motivation-Systems/index.html]
[sites/default/files/CharlieMgeescaled/index.jpg]
[presentation/Sing-the-Change-You-Want-to-See/index.html]
[taxonomy/term/36/feed/index.html]
[conference/farming-systems/index.html]
[presentation/Biodiversity-productivity-and-scale-in-resilient-food-production-systems/index.html]
[sites/default/files/Immo Fiebrig/index.jpg]
[presentation/Permaculture-on-a-commercial-farm/index.html]
[presentation/Can-Arable-Be-Permacultural/index.html]
[taxonomy/term/37/feed/index.html]
[conference/higher-education/index.html]
[presentation/Permaculture's-Place-in-Higher-Education-A-Global-Initiative/index.html]
[taxonomy/term/40/feed/index.html]
[conference/measuring-permaculture/index.html]
[sites/default/files/Anne Marie Mayer/index.jpg]
[presentation/Developing-participatory-methods-and-metrics-for-assessment/index.html]
[presentation/Measuring-sustainability-practical-techniques-for-designs-and-enterprises/index.html]
[node/305/index.html]
[presentation/Permaculture-and-Development-A-Global-Case-Study/index.html]
[taxonomy/term/55/feed/index.html]
[conference/permaculture-in-india/index.html]
[sites/default/files/Shaan Bhargava/index.jpg]
[presentation/Hans-Foundation-Food-Security-Reforestation-Poverty-Alleviation/index.html]
[sites/default/files/Narsanna Koppula/index.jpg]
[node/362/index.html]
[presentation/Food-Income-Security-South-Southeast-Asia/index.html]
[taxonomy/term/41/feed/index.html]
[conference/personal-livelihoods/index.html]
[presentation/Savingspool/index.html]
[presentation/Financial-Oikos-Permaculture/index.html]
[presentation/Other-peoples-money/index.html]
[taxonomy/term/42/feed/index.html]
[conference/research/index.html]
[presentation/Research-as-Social-Change/index.html]
[presentation/Holistic-research-of-holistic-practice/index.html]
[presentation/Anthropology-Permaculture-Earthship-Ironbank/index.html]
[taxonomy/term/43/feed/index.html]
[conference/rethinking-money/index.html]
[presentation/The-Moneyless-Man/index.html]
[presentation/How-to-build-a-better-money-system/index.html]
[sites/default/files/Warren Brush-Bio Photo/index.jpg]
[presentation/Oil-to-Soil-Permaculture-Investing/index.html]
[taxonomy/term/44/feed/index.html]
[conference/soil/index.html]
[presentation/Introduction-to-soil-biology-and-the-soil-food-web/index.html]
[presentation/The-Answer-Lies-in-the-Soil/index.html]
[presentation/A-Permaculture-Approach-to-Soil/index.html]
[sites/default/files/2015 01 Maya Mountain 14 (1)/index.jpg]
[presentation/Ecosystem-Service-Replication-on-Damaged-Land-Maya-Mountains-Belize/index.html]
[taxonomy/term/45/feed/index.html]
[conference/teaching-and-learning/index.html]
[sites/default/files/Tierra Martinez/index.jpg]
[presentation/Innovative-Tools-in-Permaculture-Education/index.html]
[presentation/Learning-from-doing-how-contemplative-enquiry-transforms-learning/index.html]
[presentation/Framing-Permaculture-as-enabling-Systems-Thinking-for-Sustainability/index.html]
[taxonomy/term/46/feed/index.html]
[conference/wellbeing/index.html]
[presentation/Walking-our-way-to-a-better-world/index.html]
[presentation/Permaculture-for-Mental-Health/index.html]
[presentation/Sustainable-Healthcare-systems-permaculture-herbal-medicine-for-the-future/index.html]
[node/372/index.html]
[profile/Siobhan-Mac-Mahon/index.html]
[file/120/index.html]
[node/356/index.html]
[taxonomy/term/4/feed/index.html]
[conference/strand/built-environment/index.html]
[taxonomy/term/7/feed/index.html]
[conference/strand/education-and-culture/index.html]
[admin/structure/taxonomy/conference_strand/index.html]
[taxonomy/term/9/feed/index.html]
[conference/strand/finance-and-economics/index.html]
[taxonomy/term/8/feed/index.html]
[conference/strand/health-and-wellbeing/index.html]
[taxonomy/term/11/feed/index.html]
[conference/strand/land-and-nature-stewardship/index.html]
[taxonomy/term/10/feed/index.html]
[conference/strand/land-tenure-and-community-governance/index.html]
[taxonomy/term/5/feed/index.html]
[conference/strand/tools-and-technology/index.html]
[node/463/index.html]
[profile/David-Holmgren/index.html]
[file/206/index.html]
[node/461/index.html]
[profile/Kristín-Vala-Ragnarsdóttir/index.html]
[file/205/index.html]
[node/460/index.html]
[profile/Pandora-Thomas/index.html]
[file/198/index.html]
[node/459/index.html]
[profile/Tim-Lenton/index.html]
[file/197/index.html]
[node/458/index.html]
[profile/Rob-Hopkins/index.html]
[file/196/index.html]
[node/457/index.html]
[profile/John-Nzira/index.html]
[file/199/index.html]
[node/456/index.html]
[profile/Cathy-Debenham/index.html]
[file/195/index.html]
[node/455/index.html]
[profile/Jonathon-Porritt/index.html]
[file/194/index.html]
[node/454/index.html]
[profile/Geoff-Lawton/index.html]
[file/193/index.html]
[node/453/index.html]
[profile/Rosemary-Morrow/index.html]
[file/192/index.html]
[workshop/Design-Your-Polyincome/index.html]
[workshop/Professional-Hand-Drawing/index.html]
[workshop/Biochar/index.html]
[workshop/Drought-Proofing-Strategies/index.html]
[workshop/Flush-Free/index.html]
[workshop/Goats-in-Permaculture/index.html]
[workshop/Introduction-to-Woolfelt/index.html]
[workshop/Make-Your-Own-Medicine/index.html]
[workshop/No-dig-Gardening/index.html]
[workshop/Pallet-Dismantling-Bar/index.html]
[workshop/Junk-Yard-Challenge/index.html]
[workshop/Dynamic-Groups/index.html]
[workshop/Graduate-Permaculture-Study-for-the-World/index.html]
[workshop/Innovative-Tools-in-Permaculture-Education/index.html]
[workshop/Permaculture-Childrens-House-Academy/index.html]
[workshop/Permaculture-Education-Project-In-Zimbabwe/index.html]
[workshop/Intern-Programmes-for-Land-Based-Projects/index.html]
[workshop/Systems-Games-Share/index.html]
[workshop/Working-With-School-Communities/index.html]
[workshop/Citizen-Science-And-Permaculture/index.html]
[workshop/Cream-Making/index.html]
[workshop/Fermentation-as-a-Connective-Web/index.html]
[workshop/Genesis-and-Permaculture/index.html]
[workshop/Getting-Things-Done/index.html]
[workshop/Personal-Permaculture/index.html]
[workshop/Ecology-of-Self/index.html]
[workshop/Crowd-Funding-101/index.html]
[workshop/Permaculture-and-Prisons/index.html]
[workshop/Urban-Permaculture/index.html]
[workshop/CASA/index.html]
[workshop/Deep-Listening/index.html]
[workshop/The-Food-Forest/index.html]
[workshop/Temple-of-the-way-of-Light/index.html]
[workshop/Designs-on-the-Roof-of-the-World/index.html]
[workshop/Horta-Social/index.html]
[workshop/LAND-Centre-Extravaganza/index.html]
[workshop/Permaculture-applied-to-dry-land-small-farmers/index.html]
[workshop/Permaculture-in-Conflict-Zones/index.html]
[workshop/Permaculture-in-Palestine/index.html]
[workshop/Art-of-Permaculture/index.html]
[workshop/Climate-Change-Strategy/index.html]
[workshop/Humanity's-Greatest-Mistake/index.html]
[workshop/Social-Permaculture-of-Solidarity/index.html]
[workshop/Transformational-Heresy/index.html]
[node/85/index.html]
[article/fun-pikes/index.html]
[node/13/index.html]
[article/convergence-site-design-part-one-surveying/index.html]
[node/281/index.html]
[sites/all/modules/gmap/gmap/index.css]
[node/278/index.html]
[node/284/index.html]
[node/282/index.html]
[node/280/index.html]
[node/76/index.html]
[sites/all/modules/date/date_api/date/index.css]
[node/349/index.html]
[node/70/index.html]
[node/87/index.html]
[node/350/index.html]
[node/288/index.html]
[node/74/index.html]
[node/260/index.html]
[node/60/index.html]
[node/63/index.html]
[node/369/index.html]
[node/77/index.html]
[node/89/index.html]
[node/69/index.html]
[node/62/index.html]
[node/36/index.html]
[node/359/index.html]
[node/78/index.html]
[node/80/index.html]
[node/81/index.html]
[node/339/index.html]
[node/95/index.html]
[node/370/index.html]
[node/61/index.html]
[node/276/index.html]
[node/340/index.html]
[node/287/index.html]
[node/381/index.html]
[node/181/index.html]
[node/373/index.html]
[node/365/index.html]
[node/360/index.html]
[convergence/index/index.html]
[node/75/index.html]
[node/37/index.html]
[node/40/index.html]
[node/283/index.html]
[node/277/index.html]
[node/374/index.html]
[node/97/index.html]
[node/279/index.html]
[node/382/index.html]
[node/82/index.html]
[node/289/index.html]
[node/351/index.html]
[node/182/index.html]
[node/478/index.html]
[node/477/index.html]
[node/476/index.html]
[node/475/index.html]
[node/474/index.html]
[node/473/index.html]
[node/469/index.html]
[node/437/index.html]
[node/468/index.html]
[article/livestream-catchup-video/index.html]
[sites/default/files/styles/large/public/Energy-Revolution-howard-johns/index.jpg]
[sites/default/files/styles/large/public/Howard_Johns/index.jpg]
[article/Howard-Johns-Interview/index.html]
[sites/default/files/Edge Event scaled/index.jpg]
[sites/default/files/Edge event dynamic facilitation scaled/index.jpg]
[article/Transformational-Edge-Event/index.html]
[sites/default/files/styles/large/public/aranya/index.jpg]
[sites/default/files/styles/large/public/aranya-13/index.jpg]
[sites/default/files/styles/large/public/aranya-10/index.jpg]
[sites/default/files/styles/large/public/aranya-5/index.jpg]
[sites/default/files/styles/large/public/aranya-4 pomegranate/index.jpg]
[sites/default/files/styles/large/public/chikoo/index.jpg]
[sites/default/files/styles/large/public/aranya-9 Calotropis gigantea/index.jpg]
[sites/default/files/styles/large/public/aranya-8  Gliricidia sepium/index.jpg]
[sites/default/files/styles/large/public/img_0276  tree sapling/index.jpg]
[sites/default/files/styles/large/public/aranya-2/index.jpg]
[article/Permaculture-on-Indian-Soil/index.html]
[sites/default/files/dancingteachers/index.jpg]
[sites/default/files/rosemaryquote/index.jpg]
[article/An-Unforgettable-Learning-Adventure/index.html]
[sites/default/files/styles/large/public/courses-postgraduate-sustainable-horticulture/index.jpg]
[sites/default/files/Bethan's forest garden poster/index.pdf]
[article/Radical-postgrad-programmes/index.html]
[article/convergence-programme-design/index.html]
[sites/default/files/14995508961_9310d38a9a_z/index.jpg]
[sites/default/files/20226520596_cf923aa4a0_z/index.jpg]
[article/The-Answer-Lies-in-the-Soil/index.html]
[article/permaculture-videos/index.html]
[sites/default/files/FRAN-BOAIT/index.jpg]
[sites/default/files/styles/large/public/Frain Boait/index.jpg]
[article/Can-money-be-a-force-for-good/index.html]
[sites/default/files/11246597_10152955707862551_1751990215403401565_o/index.jpg]
[article/The-Immense-Power-of-Your-Ripples/index.html]
[article/budget/index.html]
[article/Formidable-Vegetable-Sound-System-new-Radish-Beets/index.html]
[article/convergence-from-around-the-world/index.html]
[article/convergence-site-design-part-two-design-options/index.html]
[sites/default/files/plants for sale/index.jpg]
[sites/default/files/crocheted products for sale/index.jpg]
[article/market-place-design/index.html]
[sites/default/files/styles/large/public/Sculpture/index.jpg]
[sites/default/files/LoobyKerrylaughingsm/index.jpg]
[article/neighbourhoods-draft-1/index.html]
[article/convergence-site-design-part-two-analysing/index.html]
[sites/default/files/FAOsoilandbiodiversity/index.jpg]
[article/fao-international-year-of-soils-and-ipc/index.html]
[article/Andy-Goldring-21st-Century-Permaculture-radio/index.html]
[article/language-update-april/index.html]
[sites/default/files/Tierra Martinez/index-2.jpg]
[scholarships-success-story/index.html]
[scholarships/index.html]
[John-Stollymeyer-Why-You-Should-Come-to-IPCUK/index.html]
[Javan-Bernakevitch-Why-You-Should-Come-to-IPCUK/index.html]
[sites/default/files/ron mara labyrinth - ScotLAND site Kintyre Bioregion looking across from Kintyre to Isle of Jura_small/index.jpg]
[sites/default/files/blog nest pattern for kintyre bioregion/index.jpg]
[permaculture-edge-scotland-ipcuk-participant/index.html]
[sites/default/files/village design example/index.jpg]
[welcome-wellbeing-designing-neighbourhoods/index.html]
[article/conference-update-feb/index.html]
[welcome-wellbeing-heart-soul-space-comments/index.html]
[welcome-wellbeing/index.html]
[sites/default/files/me_nordic_permcon/index.jpg]
[sites/default/files/me_holma/index.jpg]
[sites/default/files/hagen_web/index.jpg]
[hans-story/index.html]
[IPCUK-tickets-on-sale/index.html]
[conference/register/index.html]
[sites/default/files/styles/medium/public/15669007545_1f0815a5e0_o/index.jpg]
[node/29/index.html]
[node/376/index.html]
[contact/index.html]
[www.hailoapp/index.html]
[taxonomy/term/12/index.html]
[node/218/index.html]
[conference/programme/sessions/index.html]
[Trathen-Heckman/index.html]
[node/200/index.html]
[profile/Richard-Webb/index.html]
[profile/Joanna-Bevan/index.html]
[taxonomy/term/20/index.html]
[node/256/index.html]
[profile/Dave-Boehnlein/index.html]
[file/111/index.html]
[profile/Paul-Kearsley/index.html]
[node/255/index.html]
[profile/Aranya-Gardens/index.html]
[file/99/index.html]
[sites/default/files/Aranya/index.html]
[node/254/index.html]
[profile/Pietro-Zucchetti/index.html]
[file/150/index.html]
[taxonomy/term/13/index.html]
[node/368/index.html]
[profile/Mumta-Ito/index.html]
[node/220/index.html]
[profile/Naomi-Millner-Karen-Inwood-Reina-Mejia/index.html]
[file/153/index.html]
[node/219/index.html]
[profile/Lachlan-Mackenzie/index.html]
[taxonomy/term/22/index.html]
[node/223/index.html]
[profile/Nicole-Vosper/index.html]
[file/106/index.html]
[node/221/index.html]
[profile/Jules-Bagnoli/index.html]
[taxonomy/term/47/index.html]
[node/347/index.html]
[profile/Kat-Wall/index.html]
[file/104/index.html]
[profile/Emilia-Melville/index.html]
[node/337/index.html]
[profile/Jonathan-Code/index.html]
[node/274/index.html]
[profile/Naomi-van-der-Velden/index.html]
[profile/Les-Firbank/index.html]
[node/272/index.html]
[profile/Joshua-Msika/index.html]
[file/102/index.html]
[node/269/index.html]
[profile/Julia-Kiessig/index.html]
[file/125/index.html]
[node/263/index.html]
[profile/Alison-Taylor/index.html]
[taxonomy/term/17/index.html]
[node/227/index.html]
[profile/Rafter-Sass-Ferguson/index.html]
[node/226/index.html]
[profile/Richard-Perkins/index.html]
[node/225/index.html]
[profile/Marina-O-Connell/index.html]
[taxonomy/term/23/index.html]
[node/259/index.html]
[profile/Tomas-Remiarz/index.html]
[node/258/index.html]
[profile/Chris-Marsh/index.html]
[file/108/index.html]
[node/232/index.html]
[profile/Jo-Barker/index.html]
[taxonomy/term/18/index.html]
[node/264/index.html]
[profile/Jerome-Osentowski/index.html]
[file/115/index.html]
[node/247/index.html]
[profile/Chris-Warburton-Brown/index.html]
[node/245/index.html]
[profile/Sagara/index.html]
[taxonomy/term/19/index.html]
[node/465/index.html]
[profile/Eileen-Sutherland/index.html]
[node/250/index.html]
[profile/Richard-James-MacCowan/index.html]
[node/249/index.html]
[node/158/index.html]
[file/147/index.html]
[node/248/index.html]
[profile/Ben-Law/index.html]
[file/88/index.html]
[taxonomy/term/14/index.html]
[node/343/index.html]
[profile/Simon-Constantine/index.html]
[node/252/index.html]
[profile/Maddy-Harland/index.html]
[file/148/index.html]
[node/251/index.html]
[profile/Andrew-Millison/index.html]
[taxonomy/term/52/index.html]
[node/309/index.html]
[profile/Declan-Kennedy/index.html]
[taxonomy/term/26/index.html]
[node/235/index.html]
[profile/George-McAllister/index.html]
[node/234/index.html]
[profile/Abigail-Conrad/index.html]
[node/233/index.html]
[profile/Send-a-Cow/index.html]
[taxonomy/term/27/index.html]
[node/246/index.html]
[profile/Annemarie-Brookman/index.html]
[node/244/index.html]
[profile/Trish-Allen/index.html]
[node/240/index.html]
[profile/Herminia-Pinto/index.html]
[profile/Ego-Lemos/index.html]
[node/237/index.html]
[profile/Andrew-Mahar/index.html]
[taxonomy/term/28/index.html]
[node/344/index.html]
[profile/Rebecca-Laughton/index.html]
[node/243/index.html]
[profile/Paulo-Bessa/index.html]
[node/242/index.html]
[profile/Hugo-Oliveira/index.html]
[taxonomy/term/30/index.html]
[node/345/index.html]
[profile/Marsha-Hanzi/index.html]
[node/268/index.html]
[profile/Jay-Markert/index.html]
[node/267/index.html]
[profile/Jeremiah-Kidd/index.html]
[file/71/index.html]
[node/266/index.html]
[profile/Jay-Abrahams/index.html]
[taxonomy/term/31/index.html]
[node/292/index.html]
[Robin-Clayfield/index.html]
[file/100/index.html]
[node/291/index.html]
[profile/Robina-McCurdy/index.html]
[file/151/index.html]
[node/290/index.html]
[profile/Marcia-Amidon/index.html]
[file/149/index.html]
[taxonomy/term/32/index.html]
[node/346/index.html]
[profile/Gil-Penha-Lopes/index.html]
[node/294/index.html]
[profile/Albert-Bates/index.html]
[file/51/index.html]
[node/293/index.html]
[profile/Peter-Baker/index.html]
[taxonomy/term/33/index.html]
[node/298/index.html]
[profile/Laurie-Michaelis/index.html]
[profile/Ed-Tyler/index.html]
[file/103/index.html]
[conference/location/index.html]
[node/297/index.html]
[James-Priest/index.html]
[node/296/index.html]
[profile/Katy-Fox/index.html]
[taxonomy/term/34/index.html]
[node/299/index.html]
[profile/Howard-Johns/index.html]
[taxonomy/term/51/index.html]
[node/348/index.html]
[node/228/index.html]
[profile/Graham-Brookman/index.html]
[taxonomy/term/49/index.html]
[node/336/index.html]
[profile/Claudian-Dobos/index.html]
[node/334/index.html]
[node/332/index.html]
[profile/Ethan-Roland-Soloviev/index.html]
[file/174/index.html]
[profile/Gregory-Landua/index.html]
[node/271/index.html]
[profile/Cat-Richards/index.html]
[node/270/index.html]
[profile/Charlie-Mgee/index.html]
[file/110/index.html]
[taxonomy/term/36/index.html]
[node/302/index.html]
[node/301/index.html]
[profile/Fiebrig-I-Schmutz-U-Wright-J-Pimbert-M/index.html]
[file/124/index.html]
[node/300/index.html]
[profile/Federico-Filippi/index.html]
[taxonomy/term/37/index.html]
[node/257/index.html]
[taxonomy/term/40/index.html]
[node/307/index.html]
[profile/Julia-Wright/index.html]
[profile/Anne-Marie-Mayer/index.html]
[file/154/index.html]
[node/306/index.html]
[profile/Dr-Wendy-Seabrook/index.html]
[node/275/index.html]
[profile/Monica-Ibacache-Tiffany-Grell-Denise-MacDonald-Abigail-Conrad/index.html]
[taxonomy/term/55/index.html]
[node/364/index.html]
[profile/Shaan-Bhargava/index.html]
[file/109/index.html]
[profile/Narsanna-Koppula/index.html]
[file/107/index.html]
[node/236/index.html]
[profile/Ardhendu-S-Chatterjee/index.html]
[taxonomy/term/41/index.html]
[node/312/index.html]
[profile/Petra-Stephenson/index.html]
[node/311/index.html]
[profile/Mario-Yanez/index.html]
[node/310/index.html]
[profile/Andrew-Langford/index.html]
[taxonomy/term/42/index.html]
[node/316/index.html]
[profile/Tom-Henfrey/index.html]
[node/315/index.html]
[profile/Isis-Brook/index.html]
[node/314/index.html]
[profile/Dr-Keri-Chiveralls/index.html]
[taxonomy/term/43/index.html]
[node/321/index.html]
[profile/Mark-Boyle/index.html]
[node/319/index.html]
[profile/Fran-Boait/index.html]
[node/318/index.html]
[profile/Warren-Brush/index.html]
[file/101/index.html]
[taxonomy/term/44/index.html]
[node/324/index.html]
[profile/Joel-Williams/index.html]
[node/323/index.html]
[profile/Graham-Bell/index.html]
[node/322/index.html]
[node/261/index.html]
[profile/Christopher-Nesbitt/index.html]
[file/113/index.html]
[taxonomy/term/45/index.html]
[node/327/index.html]
[profile/Tierra-Martinez/index.html]
[file/152/index.html]
[node/326/index.html]
[profile/Jane-Gleeson/index.html]
[node/325/index.html]
[profile/Andrew-Reeves/index.html]
[taxonomy/term/46/index.html]
[node/387/index.html]
[profile/Rosalind-J-Turner/index.html]
[node/330/index.html]
[profile/Rex-Haigh/index.html]
[node/328/index.html]
[profile/Lucie-Bradley/index.html]
[node/371/index.html]
[taxonomy/term/4/index.html]
[presentation/Food-forest-design-in-the-Mediterranean-Portugal/index.html]
[taxonomy/term/54/feed/index.html]
[sites/default/files/IPCUK_monastra_120707_9498/index.jpg]
[taxonomy/term/54/index.html]
[conference/strand/built-environment/index1.html]
[taxonomy/term/7/index.html]
[conference/strand/education-and-culture/index1.html]
[conference/strand/education-and-culture/index2.html]
[conference/strand/education-and-culture/index3.html]
[conference/strand/education-and-culture/index4.html]
[taxonomy/term/9/index.html]
[conference/strand/finance-and-economics/index1.html]
[conference/strand/finance-and-economics/index2.html]
[taxonomy/term/8/index.html]
[conference/strand/health-and-wellbeing/index1.html]
[taxonomy/term/11/index.html]
[conference/strand/land-and-nature-stewardship/index1.html]
[conference/strand/land-and-nature-stewardship/index2.html]
[conference/strand/land-and-nature-stewardship/index3.html]
[conference/strand/land-and-nature-stewardship/index4.html]
[taxonomy/term/10/index.html]
[sites/default/files/Martin Large/index.jpg]
[conference/strand/land-tenure-and-community-governance/index1.html]
[taxonomy/term/5/index.html]
[conference/strand/tools-and-technology/index1.html]
[node/442/index.html]
[node/452/index.html]
[node/451/index.html]
[node/450/index.html]
[node/449/index.html]
[node/448/index.html]
[node/447/index.html]
[node/446/index.html]
[node/445/index.html]
[node/444/index.html]
[node/425/index.html]
[node/393/index.html]
[node/426/index.html]
[node/392/index.html]
[node/416/index.html]
[node/410/index.html]
[node/408/index.html]
[node/419/index.html]
[node/428/index.html]
[node/411/index.html]
[node/406/index.html]
[node/415/index.html]
[node/407/index.html]
[node/414/index.html]
[node/436/index.html]
[node/391/index.html]
[node/433/index.html]
[node/434/index.html]
[node/423/index.html]
[node/394/index.html]
[node/421/index.html]
[node/395/index.html]
[node/422/index.html]
[node/412/index.html]
[node/431/index.html]
[node/418/index.html]
[node/420/index.html]
[node/398/index.html]
[node/430/index.html]
[node/409/index.html]
[node/399/index.html]
[node/405/index.html]
[node/404/index.html]
[node/427/index.html]
[node/403/index.html]
[node/413/index.html]
[node/432/index.html]
[node/397/index.html]
[node/435/index.html]
[node/429/index.html]
[node/396/index.html]
[node/417/index.html]
[node/424/index.html]
[node/400/index.html]
[node/99/index.html]
[node/111/index.html]
[node/467/index.html]
[node/390/index.html]
[node/443/index.html]
[node/441/index.html]
[node/440/index.html]
[node/439/index.html]
[node/438/index.html]
[node/402/index.html]
[node/377/index.html]
[node/388/index.html]
[node/380/index.html]
[sites/default/files/image/articleheader/10400735_68267083153_2968879_n/index.html]
[node/366/index.html]
[node/358/index.html]
[node/341/index.html]
[node/216/index.html]
[node/151/index.html]
[node/150/index.html]
[node/112/index.html]
[node/357/index.html]
[node/217/index.html]
[node/110/index.html]
[node/94/index.html]
[node/14/index.html]
[node/90/index.html]
[node/86/index.html]
[node/79/index.html]
[node/71/index.html]
[node/64/index.html]
[conference/contribute/index.html]
[node/46/index.html]
[node/44/index.html]
[node/43/index.html]
[node/42/index.html]
[node/7/index.html]
[node/119/index.html]
[node/114/index.html]
[node/113/index.html]
[node/209/index.html]
[node/210/index.html]
[node/102/index.html]
[node/253/index.html]
[node/367/index.html]
[node/127/index.html]
[node/126/index.html]
[node/222/index.html]
[node/128/index.html]
[node/204/index.html]
[node/205/index.html]
[node/207/index.html]
[node/137/index.html]
[node/273/index.html]
[node/212/index.html]
[node/131/index.html]
[node/197/index.html]
[node/138/index.html]
[node/134/index.html]
[node/224/index.html]
[node/174/index.html]
[node/172/index.html]
[node/141/index.html]
[node/198/index.html]
[node/155/index.html]
[node/153/index.html]
[node/464/index.html]
[node/160/index.html]
[node/159/index.html]
[node/342/index.html]
[node/162/index.html]
[node/161/index.html]
[node/308/index.html]
[node/143/index.html]
[node/142/index.html]
[node/144/index.html]
[node/154/index.html]
[node/148/index.html]
[node/239/index.html]
[node/146/index.html]
[node/215/index.html]
[node/149/index.html]
[node/147/index.html]
[node/241/index.html]
[node/98/index.html]
[node/201/index.html]
[node/96/index.html]
[node/265/index.html]
[node/120/index.html]
[node/183/index.html]
[node/118/index.html]
[node/129/index.html]
[node/100/index.html]
[node/122/index.html]
[node/124/index.html]
[node/103/index.html]
[node/8/index.html]
[node/123/index.html]
[node/295/index.html]
[node/125/index.html]
[node/139/index.html]
[node/335/index.html]
[node/331/index.html]
[node/333/index.html]
[node/208/index.html]
[node/206/index.html]
[node/136/index.html]
[node/135/index.html]
[node/173/index.html]
[node/383/index.html]
[node/304/index.html]
[node/116/index.html]
[node/363/index.html]
[node/361/index.html]
[node/145/index.html]
[node/171/index.html]
[node/170/index.html]
[node/169/index.html]
[node/186/index.html]
[node/185/index.html]
[node/156/index.html]
[node/320/index.html]
[node/188/index.html]
[node/317/index.html]
[node/191/index.html]
[node/190/index.html]
[node/177/index.html]
[node/195/index.html]
[node/194/index.html]
[node/193/index.html]
[node/202/index.html]
[node/329/index.html]
[node/203/index.html]
[node/313/index.html]
[presentation/The-Witness-Tree-Project/index.html]
[profile/Odiri-Ighamre/index.html]
[Dennis-Scott/index.html]
[profile/Roxanne-Swentzell/index.html]
[presentation/Food-forest-restoration-on-Galiano Island-Canada-Assessing-food-forests-embedded-in-ecological-restoration/index.html]
[profile/Martin-Large/index.html]
[file/105/index.html]
[node/10/index.html]
[node/385/index.html]
[profile/Carolyn-Monastra/index.html]
[node/117/index.html]
[node/115/index.html]
[node/140/index.html]
[node/262/index.html]
[profile/Hyeone-Park/index.html]
[node/133/index.html]
[node/384/index.html]
[node/179/index.html]
